// 重构日志: 2b90b4df
// 重构日志: aceaca2a
// 重构日志: 332e319f
// 同步 ID: bf919ade @ Fri Jul 17 12:11:13 UTC 2026
// 同步 ID: 4593f008 @ Fri Jul 17 14:35:57 UTC 2026
// 重构日志: 29d8bab4
// 重构日志: a8e0570a
// 同步 ID: 73065773 @ Sat Jul 18 09:23:37 UTC 2026
// 同步 ID: 84117f79 @ Sun Jul 19 11:32:18 UTC 2026
// 重构日志: cdafd621
// 同步 ID: 1fc20587 @ Mon Jul 20 00:50:06 UTC 2026
// 同步 ID: db3d2f32 @ Mon Jul 20 18:44:02 UTC 2026
// 同步 ID: f805e2b7 @ Tue Jul 21 12:12:15 UTC 2026
// 同步 ID: 3feccf93 @ Wed Jul 22 07:30:21 UTC 2026
// 同步 ID: 1c8866a7 @ Wed Jul 22 15:19:38 UTC 2026
// 重构日志: c933237f
// 同步 ID: 78d56bfb @ Fri Jul 24 00:49:21 UTC 2026
// 重构日志: 19f850c3
// 重构日志: 43cbf089
// 同步 ID: 27b25524 @ Fri Jul 24 18:12:58 UTC 2026
// 重构日志: ccd0a087
// 同步 ID: 47018b71 @ Sat Jul 25 16:03:19 UTC 2026
// 重构日志: 6fe664ca
// 重构日志: d40f59f8
// 同步 ID: 8593c411 @ Mon Jul 27 18:01:05 UTC 2026
// 重构日志: f21bbb6e
// 重构日志: 6212f3b8
// 重构日志: cb9a66ee
// 同步 ID: 7c4ad354 @ Tue Jul 28 23:07:37 UTC 2026
// 同步 ID: bc13e807 @ Wed Jul 29 04:00:10 UTC 2026
